// Jest Snapshot v1, https://goo.gl/fbAQLP

exports[`Add car component should render correctly 1`] = `
Object {
  "asFragment": [Function],
  "baseElement": <body>
    <div>
      <div
        class="addForm"
      >
        <div
          class="innercontainer"
        >
          <div
            class="add-heading"
          >
            <h2>
              Add a new car
            </h2>
          </div>
          <form
            class="add-form"
          >
            <label
              class="add-form-field"
              for="make"
            >
              Make:
              <input
                class="addInput"
                id="make"
                type="text"
                value=""
              />
            </label>
            <label
              class="add-form-field"
              for="model"
            >
              Model:
              <input
                class="addInput"
                id="model"
                type="text"
                value=""
              />
            </label>
            <label
              class="add-form-field"
              for="year"
            >
              Year:
              <input
                class="addInput"
                id="year"
                type="text"
                value=""
              />
            </label>
            <label
              class="add-form-field"
              for="image"
            >
              Image:
              <input
                id="image"
                type="file"
                value=""
              />
            </label>
            <label
              class="add-form-field"
              for="description"
            >
              Description:
              <textarea
                id="description"
              />
            </label>
            <label
              class="add-form-field"
              for="daily-rate"
            >
              Daily Rate:
              <input
                id="daily-rate"
                type="number"
                value=""
              />
            </label>
            <button
              class="btn-add-car"
              type="submit"
            >
              Add Car
            </button>
          </form>
        </div>
      </div>
    </div>
  </body>,
  "container": <div>
    <div
      class="addForm"
    >
      <div
        class="innercontainer"
      >
        <div
          class="add-heading"
        >
          <h2>
            Add a new car
          </h2>
        </div>
        <form
          class="add-form"
        >
          <label
            class="add-form-field"
            for="make"
          >
            Make:
            <input
              class="addInput"
              id="make"
              type="text"
              value=""
            />
          </label>
          <label
            class="add-form-field"
            for="model"
          >
            Model:
            <input
              class="addInput"
              id="model"
              type="text"
              value=""
            />
          </label>
          <label
            class="add-form-field"
            for="year"
          >
            Year:
            <input
              class="addInput"
              id="year"
              type="text"
              value=""
            />
          </label>
          <label
            class="add-form-field"
            for="image"
          >
            Image:
            <input
              id="image"
              type="file"
              value=""
            />
          </label>
          <label
            class="add-form-field"
            for="description"
          >
            Description:
            <textarea
              id="description"
            />
          </label>
          <label
            class="add-form-field"
            for="daily-rate"
          >
            Daily Rate:
            <input
              id="daily-rate"
              type="number"
              value=""
            />
          </label>
          <button
            class="btn-add-car"
            type="submit"
          >
            Add Car
          </button>
        </form>
      </div>
    </div>
  </div>,
  "debug": [Function],
  "findAllByAltText": [Function],
  "findAllByDisplayValue": [Function],
  "findAllByLabelText": [Function],
  "findAllByPlaceholderText": [Function],
  "findAllByRole": [Function],
  "findAllByTestId": [Function],
  "findAllByText": [Function],
  "findAllByTitle": [Function],
  "findByAltText": [Function],
  "findByDisplayValue": [Function],
  "findByLabelText": [Function],
  "findByPlaceholderText": [Function],
  "findByRole": [Function],
  "findByTestId": [Function],
  "findByText": [Function],
  "findByTitle": [Function],
  "getAllByAltText": [Function],
  "getAllByDisplayValue": [Function],
  "getAllByLabelText": [Function],
  "getAllByPlaceholderText": [Function],
  "getAllByRole": [Function],
  "getAllByTestId": [Function],
  "getAllByText": [Function],
  "getAllByTitle": [Function],
  "getByAltText": [Function],
  "getByDisplayValue": [Function],
  "getByLabelText": [Function],
  "getByPlaceholderText": [Function],
  "getByRole": [Function],
  "getByTestId": [Function],
  "getByText": [Function],
  "getByTitle": [Function],
  "queryAllByAltText": [Function],
  "queryAllByDisplayValue": [Function],
  "queryAllByLabelText": [Function],
  "queryAllByPlaceholderText": [Function],
  "queryAllByRole": [Function],
  "queryAllByTestId": [Function],
  "queryAllByText": [Function],
  "queryAllByTitle": [Function],
  "queryByAltText": [Function],
  "queryByDisplayValue": [Function],
  "queryByLabelText": [Function],
  "queryByPlaceholderText": [Function],
  "queryByRole": [Function],
  "queryByTestId": [Function],
  "queryByText": [Function],
  "queryByTitle": [Function],
  "rerender": [Function],
  "unmount": [Function],
}
`;
